
> dermasense-ai@0.1.0 build
> next build

   Γû▓ Next.js 15.5.12
   - Environments: .env.local

   Creating an optimized production build ...
 Γ£ô Compiled successfully in 19.0s
   Skipping linting
   Checking validity of types ...
node.exe : Failed to 
compile.
At C:\Program 
Files\nodejs\npm.ps1:29 
char:3
+   & $NODE_EXE 
$NPM_CLI_JS $args
+   ~~~~~~~~~~~~~~~~~~~~~~
~~~~~~~
    + CategoryInfo        
      : NotSpecified: (F  
  ailed to compile.:Str   
 ing) [], RemoteExcept    
ion
    + FullyQualifiedError 
   Id : NativeCommandErr  
  or
 

./components/dashboard/hea
der.tsx:73:23
Type error: Type '{ 
afterSignOutUrl: string; 
}' is not assignable to 
type 'IntrinsicAttributes 
& Without<WithClerkProp<Pr
opsWithChildren<UserButton
PropsWithoutCustomPages> 
& FallbackProp>, 
"clerk">'.
  Property 
'afterSignOutUrl' does 
not exist on type 
'IntrinsicAttributes & Wit
hout<WithClerkProp<PropsWi
thChildren<UserButtonProps
WithoutCustomPages> & 
FallbackProp>, "clerk">'.

[0m [90m 71 |[39m      
       [33m<[39m[33m/[
39m[33mDropdownMenuConten
t[39m[33m>[39m
 [90m 72 |[39m          
 [33m<[39m[33m/[39m[3
3mDropdownMenu[39m[33m>
[39m
[31m[1m>[22m[39m[90m 
73 |[39m           [33m<
[39m[33mUserButton[39m 
afterSignOutUrl[33m=[39m
[32m"/login"[39m 
[33m/[39m[33m>[39m
 [90m    |[39m          
             
[31m[1m^[22m[39m
 [90m 74 |[39m         
[33m<[39m[33m/[39m[33m
div[39m[33m>[39m
 [90m 75 |[39m       [3
3m<[39m[33m/[39m[33mdi
v[39m[33m>[39m
 [90m 76 |[39m     [33m
<[39m[33m/[39m[33mhead
er[39m[33m>[39m[0m
Next.js build worker 
exited with code: 1 and 
signal: null
